// Jest Snapshot v1, https://goo.gl/fbAQLP

exports[`<GameInfo /> should render game information 1`] = `
.c1 {
  color: #030517;
  position: relative;
  margin-bottom: 3.2rem;
  font-size: 2.0rem;
}

.c1::after {
  position: absolute;
  left: 0;
  bottom: -1rem;
  content: '';
  width: 5rem;
  border-bottom: 0.5rem solid #F231A5;
}

.c3 {
  position: absolute;
  top: 1.6rem;
  display: flex;
  align-items: center;
  font-weight: 600;
  color: #FAFAFA;
  font-size: 1.4rem;
  padding: 0 2.4rem;
  height: 3.6rem;
  right: -2rem;
  background-color: #3CD3C1;
}

.c3::before {
  content: '';
  position: absolute;
  right: 0;
  border-style: solid;
  border-left-width: 0rem;
  border-right-color: transparent;
  border-bottom-color: transparent;
  border-bottom-width: 1rem;
}

.c3::before {
  top: 3.6rem;
  border-top-width: 1rem;
  border-right-width: 2rem;
}

.c3::before {
  border-left-color: #1f8a7d;
  border-top-color: #1f8a7d;
}

.c0 {
  position: relative;
  background: #FAFAFA;
  padding: 2.4rem;
}

.c0 .c2 {
  right: -1rem;
}

.c0 .c2:before {
  border-right-width: 1rem;
}

.c4 {
  font-size: 1.4rem;
  color: #8F8F8F;
  margin-bottom: 2.4rem;
}

.c5 {
  display: flex;
  flex-direction: column;
  align-items: center;
}

.c5 >button {
  width: 100%;
  margin-bottom: 0.8rem;
}

.c6 {
  display: inline-flex;
  align-items: center;
  justify-content: center;
  background: linear-gradient(180deg, #ff5f5f 0%, #f062c0 50%);
  color: #FAFAFA;
  border: 0;
  border-radius: 0.4rem;
  padding: 0.8rem;
  cursor: pointer;
  text-decoration: none;
  height: 5rem;
  font-size: 1.6rem;
  padding: 0.8rem 4.8rem;
}

.c6:hover {
  background: linear-gradient(180deg, #e35565 0%, #d958a6 50%);
}

.c6 svg {
  width: 1.5rem;
}

.c6 svg+span {
  margin-left: 0.8rem;
}

.c7 {
  display: inline-flex;
  align-items: center;
  justify-content: center;
  background: linear-gradient(180deg, #ff5f5f 0%, #f062c0 50%);
  color: #FAFAFA;
  border: 0;
  border-radius: 0.4rem;
  padding: 0.8rem;
  cursor: pointer;
  text-decoration: none;
  height: 5rem;
  font-size: 1.6rem;
  padding: 0.8rem 4.8rem;
  background: none;
  color: #F231A5;
}

.c7:hover {
  background: none;
}

.c7 svg {
  width: 1.5rem;
}

.c7 svg+span {
  margin-left: 0.8rem;
}

@media (min-width: 768px) {
  .c1 {
    font-size: 2.8rem;
  }
}

@media (min-width: 768px) {
  .c0 .c2 {
    right: 2.4rem;
    top: 2.4rem;
    font-size: 1.8rem;
  }

  .c0 .c2:before {
    border: none;
  }
}

@media (min-width: 768px) {
  .c4 {
    max-width: 77rem;
  }
}

@media (min-width: 768px) {
  .c5 {
    flex-direction: row-reverse;
  }

  .c5 >button {
    width: initial;
    margin-bottom: 0;
  }
}

<body>
  <div>
    <div
      class="c0"
    >
      <h2
        class="c1"
      >
        My Game Title
      </h2>
      <div
        class="c2 c3"
      >
        $210,00
      </div>
      <p
        class="c4"
      >
        Game Description
      </p>
      <div
        class="c5"
      >
        <button
          class="c6"
        >
          <svg
            fill="currentColor"
            height="22"
            viewBox="0 0 256 256"
            width="22"
            xmlns="http://www.w3.org/2000/svg"
          >
            <path
              d="M222.14,58.87A8,8,0,0,0,216,56H54.68L49.79,29.14A16,16,0,0,0,34.05,16H16a8,8,0,0,0,0,16h18L59.56,172.29a24,24,0,0,0,5.33,11.27,28,28,0,1,0,44.4,8.44h45.42A27.75,27.75,0,0,0,152,204a28,28,0,1,0,28-28H83.17a8,8,0,0,1-7.87-6.57L72.13,152h116a24,24,0,0,0,23.61-19.71l12.16-66.86A8,8,0,0,0,222.14,58.87ZM96,204a12,12,0,1,1-12-12A12,12,0,0,1,96,204Zm96,0a12,12,0,1,1-12-12A12,12,0,0,1,192,204Zm4-74.57A8,8,0,0,1,188.1,136H69.22L57.59,72H206.41Z"
            />
          </svg>
          <span>
            Add to cart
          </span>
        </button>
        <button
          class="c7"
        >
          <svg
            fill="currentColor"
            height="22"
            viewBox="0 0 256 256"
            width="22"
            xmlns="http://www.w3.org/2000/svg"
          >
            <path
              d="M178,32c-20.65,0-38.73,8.88-50,23.89C116.73,40.88,98.65,32,78,32A62.07,62.07,0,0,0,16,94c0,70,103.79,126.66,108.21,129a8,8,0,0,0,7.58,0C136.21,220.66,240,164,240,94A62.07,62.07,0,0,0,178,32ZM128,206.8C109.74,196.16,32,147.69,32,94A46.06,46.06,0,0,1,78,48c19.45,0,35.78,10.36,42.6,27a8,8,0,0,0,14.8,0c6.82-16.67,23.15-27,42.6-27a46.06,46.06,0,0,1,46,46C224,147.61,146.24,196.15,128,206.8Z"
            />
          </svg>
          <span>
            Wishlist
          </span>
        </button>
      </div>
    </div>
  </div>
</body>
`;
